interactions:
- request:
    body: '{"documents": [{"id": "0", "text": "This is written in English.", "countryHint":
      ""}]}'
    headers:
      Accept:
      - application/json
      Content-Length:
      - '86'
      Content-Type:
      - application/json
      User-Agent:
      - azsdk-python-ai-textanalytics/1.0.0b5 Python/3.7.7 (Darwin-17.7.0-x86_64-i386-64bit)
        Python/3.7.7 (Darwin-17.7.0-x86_64-i386-64bit)
    method: POST
    uri: https://centraluseuap.api.cognitive.microsoft.com/text/analytics/v3.0/languages?showStats=false
  response:
    body:
      string: '{"documents":[{"id":"0","detectedLanguage":{"name":"English","iso6391Name":"en","confidenceScore":1.0},"warnings":[]}],"errors":[],"modelVersion":"2019-10-01"}'
    headers:
      apim-request-id: 8b55061f-7053-462f-bafb-effcbfb0c2ee
      content-type: application/json; charset=utf-8
      csp-billing-usage: CognitiveServices.TextAnalytics.BatchScoring=1
      date: Tue, 19 May 2020 15:32:34 GMT
      strict-transport-security: max-age=31536000; includeSubDomains; preload
      transfer-encoding: chunked
      x-content-type-options: nosniff
      x-envoy-upstream-service-time: '7'
    status:
      code: 200
      message: OK
    url: https://centraluseuap.api.cognitive.microsoft.com//text/analytics/v3.0/languages?showStats=false
- request:
    body: '{"documents": [{"id": "1", "text": "This is written in English.", "countryHint":
      ""}]}'
    headers:
      Accept:
      - application/json
      Content-Length:
      - '86'
      Content-Type:
      - application/json
      User-Agent:
      - azsdk-python-ai-textanalytics/1.0.0b5 Python/3.7.7 (Darwin-17.7.0-x86_64-i386-64bit)
        Python/3.7.7 (Darwin-17.7.0-x86_64-i386-64bit)
    method: POST
    uri: https://centraluseuap.api.cognitive.microsoft.com/text/analytics/v3.0/languages?showStats=false
  response:
    body:
      string: '{"documents":[{"id":"1","detectedLanguage":{"name":"English","iso6391Name":"en","confidenceScore":1.0},"warnings":[]}],"errors":[],"modelVersion":"2019-10-01"}'
    headers:
      apim-request-id: bff2de57-93e3-4d74-aba3-22a9d299f252
      content-type: application/json; charset=utf-8
      csp-billing-usage: CognitiveServices.TextAnalytics.BatchScoring=1
      date: Tue, 19 May 2020 15:32:34 GMT
      strict-transport-security: max-age=31536000; includeSubDomains; preload
      transfer-encoding: chunked
      x-content-type-options: nosniff
      x-envoy-upstream-service-time: '6'
    status:
      code: 200
      message: OK
    url: https://centraluseuap.api.cognitive.microsoft.com//text/analytics/v3.0/languages?showStats=false
- request:
    body: '{"documents": [{"id": "0", "text": "this is written in english", "countryHint":
      ""}]}'
    headers:
      Accept:
      - application/json
      Content-Length:
      - '85'
      Content-Type:
      - application/json
      User-Agent:
      - azsdk-python-ai-textanalytics/1.0.0b5 Python/3.7.7 (Darwin-17.7.0-x86_64-i386-64bit)
        Python/3.7.7 (Darwin-17.7.0-x86_64-i386-64bit)
    method: POST
    uri: https://centraluseuap.api.cognitive.microsoft.com/text/analytics/v3.0/languages?showStats=false
  response:
    body:
      string: '{"documents":[{"id":"0","detectedLanguage":{"name":"English","iso6391Name":"en","confidenceScore":1.0},"warnings":[]}],"errors":[],"modelVersion":"2019-10-01"}'
    headers:
      apim-request-id: dc6d462c-24eb-4ae6-8649-b7265393cc29
      content-type: application/json; charset=utf-8
      csp-billing-usage: CognitiveServices.TextAnalytics.BatchScoring=1
      date: Tue, 19 May 2020 15:32:34 GMT
      strict-transport-security: max-age=31536000; includeSubDomains; preload
      transfer-encoding: chunked
      x-content-type-options: nosniff
      x-envoy-upstream-service-time: '7'
    status:
      code: 200
      message: OK
    url: https://centraluseuap.api.cognitive.microsoft.com//text/analytics/v3.0/languages?showStats=false
- request:
    body: '{"documents": [{"id": "0", "text": "this is written in english", "countryHint":
      ""}]}'
    headers:
      Accept:
      - application/json
      Content-Length:
      - '85'
      Content-Type:
      - application/json
      User-Agent:
      - azsdk-python-ai-textanalytics/1.0.0b5 Python/3.7.7 (Darwin-17.7.0-x86_64-i386-64bit)
        Python/3.7.7 (Darwin-17.7.0-x86_64-i386-64bit)
    method: POST
    uri: https://centraluseuap.api.cognitive.microsoft.com/text/analytics/v3.0/languages?showStats=false
  response:
    body:
      string: '{"documents":[{"id":"0","detectedLanguage":{"name":"English","iso6391Name":"en","confidenceScore":1.0},"warnings":[]}],"errors":[],"modelVersion":"2019-10-01"}'
    headers:
      apim-request-id: 35b89c01-ca88-4e19-84b8-580df9386482
      content-type: application/json; charset=utf-8
      csp-billing-usage: CognitiveServices.TextAnalytics.BatchScoring=1
      date: Tue, 19 May 2020 15:32:34 GMT
      strict-transport-security: max-age=31536000; includeSubDomains; preload
      transfer-encoding: chunked
      x-content-type-options: nosniff
      x-envoy-upstream-service-time: '7'
    status:
      code: 200
      message: OK
    url: https://centraluseuap.api.cognitive.microsoft.com//text/analytics/v3.0/languages?showStats=false
version: 1
